[www.codeigniter.org.tw/user_guide/index.html]
[backblue.gif]
[fade.gif]
[index.html]
[www.codeigniter.org.tw/user_guide/userguide.css]
[www.codeigniter.org.tw/user_guide/nav/nav.js]
[www.codeigniter.org.tw/user_guide/nav/prototype.lite.js]
[www.codeigniter.org.tw/user_guide/nav/moo.fx.js]
[www.codeigniter.org.tw/user_guide/images/nav_toggle_darker.jpg]
[www.codeigniter.org.tw/user_guide/toc.html]
[www.codeigniter.org.tw/user_guide/images/ci_logo_flame.jpg]
[www.codeigniter.org.tw/user_guide/index.html]
[www.codeigniter.org.tw/user_guide/images/nav_bg_darker.jpg]
[www.codeigniter.org.tw/user_guide/images/nav_separator_darker.jpg]
[www.codeigniter.org.tw/user_guide/images/arrow.gif]
[www.codeigniter.org.tw/user_guide/images/reactor-bullet.png]
[www.codeigniter.org.tw/user_guide/userguide.css]
[www.codeigniter.org.tw/user_guide/nav/nav.js]
[www.codeigniter.org.tw/user_guide/nav/prototype.lite.js]
[www.codeigniter.org.tw/user_guide/nav/moo.fx.js]
[www.codeigniter.org.tw/user_guide/nav/user_guide_menu.js]
[www.codeigniter.org.tw/user_guide/index-2.html]
[www.codeigniter.org.tw/user_guide/general/requirements.html]
[www.codeigniter.org.tw/user_guide/license.html]
[www.codeigniter.org.tw/user_guide/changelog.html]
[www.codeigniter.org.tw/user_guide/general/credits.html]
[www.codeigniter.org.tw/user_guide/installation/downloads.html]
[www.codeigniter.org.tw/user_guide/installation/index.html]
[www.codeigniter.org.tw/user_guide/installation/upgrading.html]
[www.codeigniter.org.tw/user_guide/installation/troubleshooting.html]
[www.codeigniter.org.tw/user_guide/overview/getting_started.html]
[www.codeigniter.org.tw/user_guide/overview/at_a_glance.html]
[www.codeigniter.org.tw/user_guide/overview/cheatsheets.html]
[www.codeigniter.org.tw/user_guide/overview/features.html]
[www.codeigniter.org.tw/user_guide/overview/appflow.html]
[www.codeigniter.org.tw/user_guide/overview/mvc.html]
[www.codeigniter.org.tw/user_guide/overview/goals.html]
[www.codeigniter.org.tw/user_guide/tutorial/index.html]
[www.codeigniter.org.tw/user_guide/tutorial/static_pages.html]
[www.codeigniter.org.tw/user_guide/tutorial/news_section.html]
[www.codeigniter.org.tw/user_guide/tutorial/create_news_items.html]
[www.codeigniter.org.tw/user_guide/tutorial/conclusion.html]
[www.codeigniter.org.tw/user_guide/general/urls.html]
[www.codeigniter.org.tw/user_guide/general/controllers.html]
[www.codeigniter.org.tw/user_guide/general/reserved_names.html]
[www.codeigniter.org.tw/user_guide/general/views.html]
[www.codeigniter.org.tw/user_guide/general/models.html]
[www.codeigniter.org.tw/user_guide/general/helpers.html]
[www.codeigniter.org.tw/user_guide/general/libraries.html]
[www.codeigniter.org.tw/user_guide/general/creating_libraries.html]
[www.codeigniter.org.tw/user_guide/general/drivers.html]
[www.codeigniter.org.tw/user_guide/general/creating_drivers.html]
[www.codeigniter.org.tw/user_guide/general/core_classes.html]
[www.codeigniter.org.tw/user_guide/general/hooks.html]
[www.codeigniter.org.tw/user_guide/general/autoloader.html]
[www.codeigniter.org.tw/user_guide/general/common_functions.html]
[www.codeigniter.org.tw/user_guide/general/routing.html]
[www.codeigniter.org.tw/user_guide/general/errors.html]
[www.codeigniter.org.tw/user_guide/general/caching.html]
[www.codeigniter.org.tw/user_guide/general/profiling.html]
[www.codeigniter.org.tw/user_guide/general/cli.html]
[www.codeigniter.org.tw/user_guide/general/managing_apps.html]
[www.codeigniter.org.tw/user_guide/general/environments.html]
[www.codeigniter.org.tw/user_guide/general/alternative_php.html]
[www.codeigniter.org.tw/user_guide/general/security.html]
[www.codeigniter.org.tw/user_guide/general/styleguide.html]
[www.codeigniter.org.tw/user_guide/doc_style/index.html]
[www.codeigniter.org.tw/user_guide/libraries/benchmark.html]
[www.codeigniter.org.tw/user_guide/libraries/calendar.html]
[www.codeigniter.org.tw/user_guide/libraries/cart.html]
[www.codeigniter.org.tw/user_guide/libraries/config.html]
[www.codeigniter.org.tw/user_guide/libraries/email.html]
[www.codeigniter.org.tw/user_guide/libraries/encryption.html]
[www.codeigniter.org.tw/user_guide/libraries/file_uploading.html]
[www.codeigniter.org.tw/user_guide/libraries/form_validation.html]
[www.codeigniter.org.tw/user_guide/libraries/ftp.html]
[www.codeigniter.org.tw/user_guide/libraries/table.html]
[www.codeigniter.org.tw/user_guide/libraries/image_lib.html]
[www.codeigniter.org.tw/user_guide/libraries/input.html]
[www.codeigniter.org.tw/user_guide/libraries/javascript.html]
[www.codeigniter.org.tw/user_guide/libraries/loader.html]
[www.codeigniter.org.tw/user_guide/libraries/language.html]
[www.codeigniter.org.tw/user_guide/libraries/migration.html]
[www.codeigniter.org.tw/user_guide/libraries/output.html]
[www.codeigniter.org.tw/user_guide/libraries/pagination.html]
[www.codeigniter.org.tw/user_guide/libraries/security.html]
[www.codeigniter.org.tw/user_guide/libraries/sessions.html]
[www.codeigniter.org.tw/user_guide/libraries/trackback.html]
[www.codeigniter.org.tw/user_guide/libraries/parser.html]
[www.codeigniter.org.tw/user_guide/libraries/typography.html]
[www.codeigniter.org.tw/user_guide/libraries/unit_testing.html]
[www.codeigniter.org.tw/user_guide/libraries/uri.html]
[www.codeigniter.org.tw/user_guide/libraries/user_agent.html]
[www.codeigniter.org.tw/user_guide/libraries/xmlrpc.html]
[www.codeigniter.org.tw/user_guide/libraries/zip.html]
[www.codeigniter.org.tw/user_guide/libraries/caching.html]
[www.codeigniter.org.tw/user_guide/database/index.html]
[www.codeigniter.org.tw/user_guide/helpers/array_helper.html]
[www.codeigniter.org.tw/user_guide/helpers/captcha_helper.html]
[www.codeigniter.org.tw/user_guide/helpers/cookie_helper.html]
[www.codeigniter.org.tw/user_guide/helpers/date_helper.html]
[www.codeigniter.org.tw/user_guide/helpers/directory_helper.html]
[www.codeigniter.org.tw/user_guide/helpers/download_helper.html]
[www.codeigniter.org.tw/user_guide/helpers/email_helper.html]
[www.codeigniter.org.tw/user_guide/helpers/file_helper.html]
[www.codeigniter.org.tw/user_guide/helpers/form_helper.html]
[www.codeigniter.org.tw/user_guide/helpers/html_helper.html]
[www.codeigniter.org.tw/user_guide/helpers/inflector_helper.html]
[www.codeigniter.org.tw/user_guide/helpers/language_helper.html]
[www.codeigniter.org.tw/user_guide/helpers/number_helper.html]
[www.codeigniter.org.tw/user_guide/helpers/path_helper.html]
[www.codeigniter.org.tw/user_guide/helpers/security_helper.html]
[www.codeigniter.org.tw/user_guide/helpers/smiley_helper.html]
[www.codeigniter.org.tw/user_guide/helpers/string_helper.html]
[www.codeigniter.org.tw/user_guide/helpers/text_helper.html]
[www.codeigniter.org.tw/user_guide/helpers/typography_helper.html]
[www.codeigniter.org.tw/user_guide/helpers/url_helper.html]
[www.codeigniter.org.tw/user_guide/toc.html]
[www.codeigniter.org.tw/user_guide/index-2.html]
[www.codeigniter.org.tw/user_guide/general/requirements.html]
[www.codeigniter.org.tw/user_guide/license.html]
[www.codeigniter.org.tw/user_guide/helpers/xml_helper.html]
[www.codeigniter.org.tw/user_guide/database/active_record.html]
[www.codeigniter.org.tw/user_guide/database/queries.html]
[www.codeigniter.org.tw/user_guide/installation/upgrade_203.html]
[www.codeigniter.org.tw/user_guide/database/forge.html]
[www.codeigniter.org.tw/user_guide/installation/upgrade_200.html]
[www.codeigniter.org.tw/user_guide/database/configuration.html]
[www.codeigniter.org.tw/user_guide/database/utilities.html]
[www.codeigniter.org.tw/user_guide/database/connecting.html]
[www.codeigniter.org.tw/user_guide/database/transactions.html]
[www.codeigniter.org.tw/user_guide/libraries/validation.html]
[www.codeigniter.org.tw/user_guide/helpers/compatibility_helper.html]
[www.codeigniter.org.tw/user_guide/database/caching.html]
[www.codeigniter.org.tw/user_guide/database/results.html]
[www.codeigniter.org.tw/user_guide/database/fields.html]
[www.codeigniter.org.tw/user_guide/database/helpers.html]
[www.codeigniter.org.tw/user_guide/database/call_function.html]
[www.codeigniter.org.tw/user_guide/changelog.html]
[www.codeigniter.org.tw/user_guide/general/credits.html]
[www.codeigniter.org.tw/user_guide/installation/downloads.html]
[www.codeigniter.org.tw/user_guide/installation/index.html]
[www.codeigniter.org.tw/user_guide/installation/upgrade_214.html]
[www.codeigniter.org.tw/user_guide/installation/upgrade_213.html]
[www.codeigniter.org.tw/user_guide/installation/upgrade_212.html]
[www.codeigniter.org.tw/user_guide/installation/upgrade_211.html]
[www.codeigniter.org.tw/user_guide/installation/upgrade_210.html]
[www.codeigniter.org.tw/user_guide/installation/upgrade_202.html]
[www.codeigniter.org.tw/user_guide/installation/upgrade_201.html]
[www.codeigniter.org.tw/user_guide/installation/upgrade_173.html]
[www.codeigniter.org.tw/user_guide/installation/upgrade_172.html]
[www.codeigniter.org.tw/user_guide/installation/upgrade_171.html]
[www.codeigniter.org.tw/user_guide/installation/upgrade_170.html]
[www.codeigniter.org.tw/user_guide/installation/upgrade_163.html]
[www.codeigniter.org.tw/user_guide/installation/upgrade_162.html]
[www.codeigniter.org.tw/user_guide/installation/upgrade_161.html]
[www.codeigniter.org.tw/user_guide/installation/upgrade_160.html]
[www.codeigniter.org.tw/user_guide/installation/upgrade_154.html]
[www.codeigniter.org.tw/user_guide/installation/upgrade_153.html]
[www.codeigniter.org.tw/user_guide/installation/upgrade_152.html]
[www.codeigniter.org.tw/user_guide/installation/upgrade_150.html]
[www.codeigniter.org.tw/user_guide/installation/upgrade_141.html]
[www.codeigniter.org.tw/user_guide/installation/upgrade_140.html]
[www.codeigniter.org.tw/user_guide/installation/upgrade_133.html]
[www.codeigniter.org.tw/user_guide/installation/upgrade_132.html]
[www.codeigniter.org.tw/user_guide/installation/upgrade_131.html]
[www.codeigniter.org.tw/user_guide/installation/upgrade_130.html]
[www.codeigniter.org.tw/user_guide/installation/upgrade_120.html]
[www.codeigniter.org.tw/user_guide/installation/upgrading.html]
[www.codeigniter.org.tw/user_guide/installation/troubleshooting.html]
[www.codeigniter.org.tw/user_guide/overview/getting_started.html]
[www.codeigniter.org.tw/user_guide/overview/at_a_glance.html]
[www.codeigniter.org.tw/user_guide/installation/upgrade_b11.html]
[www.codeigniter.org.tw/user_guide/images/codeigniter_1.7.1_library_reference.pdf]
[www.codeigniter.org.tw/user_guide/images/codeigniter_1.7.1_library_reference.png]
[www.codeigniter.org.tw/user_guide/images/codeigniter_1.7.1_helper_reference.pdf]
[www.codeigniter.org.tw/user_guide/images/codeigniter_1.7.1_helper_reference.png]
[www.codeigniter.org.tw/user_guide/overview/cheatsheets.html]
[www.codeigniter.org.tw/user_guide/overview/features.html]
[www.codeigniter.org.tw/user_guide/installation/index-2.html]
[www.codeigniter.org.tw/user_guide/images/appflowchart.gif]
[www.codeigniter.org.tw/user_guide/overview/appflow.html]
[www.codeigniter.org.tw/user_guide/overview/mvc.html]
[www.codeigniter.org.tw/user_guide/overview/goals.html]
[www.codeigniter.org.tw/user_guide/tutorial/index.html]
[www.codeigniter.org.tw/user_guide/tutorial/static_pages.html]
[www.codeigniter.org.tw/user_guide/tutorial/news_section.html]
[www.codeigniter.org.tw/user_guide/tutorial/create_news_items.html]
[www.codeigniter.org.tw/user_guide/tutorial/conclusion.html]
[www.codeigniter.org.tw/user_guide/general/urls.html]
[www.codeigniter.org.tw/user_guide/general/controllers.html]
[www.codeigniter.org.tw/user_guide/general/reserved_names.html]
[www.codeigniter.org.tw/user_guide/general/views.html]
[www.codeigniter.org.tw/user_guide/general/models.html]
[www.codeigniter.org.tw/user_guide/general/helpers.html]
[www.codeigniter.org.tw/user_guide/general/libraries.html]
[www.codeigniter.org.tw/user_guide/general/creating_libraries.html]
[www.codeigniter.org.tw/user_guide/general/drivers.html]
[www.codeigniter.org.tw/user_guide/general/creating_drivers.html]
[www.codeigniter.org.tw/user_guide/general/core_classes.html]
[www.codeigniter.org.tw/user_guide/general/hooks.html]
[www.codeigniter.org.tw/user_guide/general/autoloader.html]
[www.codeigniter.org.tw/user_guide/general/common_functions.html]
[www.codeigniter.org.tw/user_guide/general/routing.html]
[www.codeigniter.org.tw/user_guide/general/errors.html]
[www.codeigniter.org.tw/user_guide/general/caching.html]
[www.codeigniter.org.tw/user_guide/general/profiling.html]
[www.codeigniter.org.tw/user_guide/general/cli.html]
[www.codeigniter.org.tw/user_guide/general/managing_apps.html]
[www.codeigniter.org.tw/user_guide/general/environments.html]
[www.codeigniter.org.tw/user_guide/general/alternative_php.html]
[www.codeigniter.org.tw/user_guide/general/security.html]
[www.codeigniter.org.tw/user_guide/general/styleguide.html]
[www.codeigniter.org.tw/user_guide/doc_style/template.html]
[www.codeigniter.org.tw/user_guide/doc_style/index.html]
[www.codeigniter.org.tw/user_guide/libraries/benchmark.html]
[www.codeigniter.org.tw/user_guide/libraries/calendar.html]
[www.codeigniter.org.tw/user_guide/libraries/cart.html]
[www.codeigniter.org.tw/user_guide/libraries/config.html]
[www.codeigniter.org.tw/user_guide/libraries/email.html]
[www.codeigniter.org.tw/user_guide/libraries/encryption.html]
[www.codeigniter.org.tw/user_guide/libraries/file_uploading.html]
[www.codeigniter.org.tw/user_guide/libraries/form_validation.html]
[www.codeigniter.org.tw/user_guide/libraries/ftp.html]
[www.codeigniter.org.tw/user_guide/libraries/table.html]
[www.codeigniter.org.tw/user_guide/libraries/image_lib.html]
[www.codeigniter.org.tw/user_guide/libraries/input.html]
[www.codeigniter.org.tw/user_guide/libraries/javascript.html]
[www.codeigniter.org.tw/user_guide/libraries/loader.html]
[www.codeigniter.org.tw/user_guide/libraries/language.html]
[www.codeigniter.org.tw/user_guide/libraries/migration.html]
[www.codeigniter.org.tw/user_guide/libraries/output.html]
[www.codeigniter.org.tw/user_guide/libraries/pagination.html]
[www.codeigniter.org.tw/user_guide/libraries/security.html]
[www.codeigniter.org.tw/user_guide/libraries/sessions.html]
[www.codeigniter.org.tw/user_guide/libraries/trackback.html]
[www.codeigniter.org.tw/user_guide/libraries/parser.html]
[www.codeigniter.org.tw/user_guide/libraries/typography.html]
[www.codeigniter.org.tw/user_guide/libraries/unit_testing.html]
[www.codeigniter.org.tw/user_guide/libraries/uri.html]
[www.codeigniter.org.tw/user_guide/libraries/user_agent.html]
[www.codeigniter.org.tw/user_guide/libraries/xmlrpc.html]
[www.codeigniter.org.tw/user_guide/libraries/zip.html]
[www.codeigniter.org.tw/user_guide/libraries/caching.html]
[www.codeigniter.org.tw/user_guide/database/examples.html]
[www.codeigniter.org.tw/user_guide/database/index.html]
[www.codeigniter.org.tw/user_guide/helpers/array_helper.html]
[www.codeigniter.org.tw/user_guide/helpers/captcha_helper.html]
[www.codeigniter.org.tw/user_guide/helpers/cookie_helper.html]
[www.codeigniter.org.tw/user_guide/helpers/date_helper.html]
[www.codeigniter.org.tw/user_guide/helpers/directory_helper.html]
[www.codeigniter.org.tw/user_guide/helpers/download_helper.html]
[www.codeigniter.org.tw/user_guide/helpers/email_helper.html]
[www.codeigniter.org.tw/user_guide/helpers/file_helper.html]
[www.codeigniter.org.tw/user_guide/helpers/form_helper.html]
[www.codeigniter.org.tw/user_guide/helpers/html_helper.html]
[www.codeigniter.org.tw/user_guide/helpers/inflector_helper.html]
[www.codeigniter.org.tw/user_guide/helpers/language_helper.html]
[www.codeigniter.org.tw/user_guide/helpers/number_helper.html]
[www.codeigniter.org.tw/user_guide/helpers/path_helper.html]
[www.codeigniter.org.tw/user_guide/helpers/security_helper.html]
[www.codeigniter.org.tw/user_guide/database/table_data.html]
[www.codeigniter.org.tw/user_guide/images/smile.gif]
[www.codeigniter.org.tw/user_guide/helpers/smiley_helper.html]
[www.codeigniter.org.tw/user_guide/helpers/string_helper.html]
[www.codeigniter.org.tw/user_guide/helpers/text_helper.html]
[www.codeigniter.org.tw/user_guide/helpers/typography_helper.html]
[www.codeigniter.org.tw/user_guide/helpers/url_helper.html]
[www.codeigniter.org.tw/user_guide/helpers/xml_helper.html]
[www.codeigniter.org.tw/user_guide/database/active_record.html]
[www.codeigniter.org.tw/user_guide/libraries/session.html]
[www.codeigniter.org.tw/user_guide/libraries/profiler.html]
[www.codeigniter.org.tw/user_guide/libraries/database.html]
[www.codeigniter.org.tw/user_guide/database/queries.html]
[www.codeigniter.org.tw/user_guide/installation/upgrade_203.html]
[www.codeigniter.org.tw/user_guide/database/forge.html]
[www.codeigniter.org.tw/user_guide/installation/upgrade_200.html]
[www.codeigniter.org.tw/user_guide/database/configuration.html]
[www.codeigniter.org.tw/user_guide/database/utilities.html]
[www.codeigniter.org.tw/user_guide/database/connecting.html]
[www.codeigniter.org.tw/user_guide/database/transactions.html]
[www.codeigniter.org.tw/user_guide/libraries/validation.html]
[www.codeigniter.org.tw/user_guide/helpers/compatibility_helper.html]
[www.codeigniter.org.tw/user_guide/libraries/image_lib-2.html]
[www.codeigniter.org.tw/user_guide/database/caching.html]
[www.codeigniter.org.tw/user_guide/database/results.html]
[www.codeigniter.org.tw/user_guide/database/fields.html]
[www.codeigniter.org.tw/user_guide/database/helpers.html]
[www.codeigniter.org.tw/user_guide/controllers.html]
[www.codeigniter.org.tw/user_guide/routing.html]
[www.codeigniter.org.tw/user_guide/models.html]
[www.codeigniter.org.tw/user_guide/database/call_function.html]
[www.codeigniter.org.tw/user_guide/creating_libraries.html]
[www.codeigniter.org.tw/user_guide/urls.html]
[www.codeigniter.org.tw/user_guide/ancillary_classes.html]
[www.codeigniter.org.tw/user_guide/managing_apps.html]
[www.codeigniter.org.tw/user_guide/installation/upgrade_214.html]
[www.codeigniter.org.tw/user_guide/installation/upgrade_213.html]
[www.codeigniter.org.tw/user_guide/installation/upgrade_212.html]
[www.codeigniter.org.tw/user_guide/installation/upgrade_211.html]
[www.codeigniter.org.tw/user_guide/installation/upgrade_210.html]
[www.codeigniter.org.tw/user_guide/installation/upgrade_202.html]
[www.codeigniter.org.tw/user_guide/installation/upgrade_201.html]
[www.codeigniter.org.tw/user_guide/installation/upgrade_173.html]
[www.codeigniter.org.tw/user_guide/installation/upgrade_172.html]
[www.codeigniter.org.tw/user_guide/installation/upgrade_171.html]
[www.codeigniter.org.tw/user_guide/installation/upgrade_170.html]
[www.codeigniter.org.tw/user_guide/installation/upgrade_163.html]
[www.codeigniter.org.tw/user_guide/installation/upgrade_162.html]
[www.codeigniter.org.tw/user_guide/installation/upgrade_161.html]
[www.codeigniter.org.tw/user_guide/installation/upgrade_160.html]
[www.codeigniter.org.tw/user_guide/installation/upgrade_154.html]
[www.codeigniter.org.tw/user_guide/installation/upgrade_153.html]
[www.codeigniter.org.tw/user_guide/installation/upgrade_152.html]
[www.codeigniter.org.tw/user_guide/installation/upgrade_150.html]
[www.codeigniter.org.tw/user_guide/installation/upgrade_141.html]
[www.codeigniter.org.tw/user_guide/installation/upgrade_140.html]
[www.codeigniter.org.tw/user_guide/installation/upgrade_133.html]
[www.codeigniter.org.tw/user_guide/installation/upgrade_132.html]
[www.codeigniter.org.tw/user_guide/installation/upgrade_131.html]
[www.codeigniter.org.tw/user_guide/installation/upgrade_130.html]
[www.codeigniter.org.tw/user_guide/installation/upgrade_120.html]
[www.codeigniter.org.tw/user_guide/installation/upgrade_b11.html]
[www.codeigniter.org.tw/user_guide/installation/index-2.html]
[www.codeigniter.org.tw/user_guide/doc_style/template.html]
[www.codeigniter.org.tw/user_guide/libraries/userguide.html]
[www.codeigniter.org.tw/user_guide/database/examples.html]
[www.codeigniter.org.tw/user_guide/database/table_data.html]
[www.codeigniter.org.tw/user_guide/doc_style/userguide.html]
